Success: Open-Meteo forecasts read from file!
Success: Sunny McSkies forecast generated via Hugging Face!
Success: Sunny McSkies forecast sent via ntfy!

============================================================
SUNNY MCSKIES FORECAST – Dec 06, 2025
============================================================
Good morning, Round Rock! Today’s sunshine will swing up to a toasty
72 °F high and dip down to a crisp 42 °F low, giving you a perfect mix
of warm daytime and cool evening breezes. The sky stays clear all day
with zero percent chance of rain, so you can leave those umbrellas at
home. Light winds will be gentle, topping out around 8 mph with
occasional gusts, making it feel wonderfully fresh. Tomorrow cools a
touch to a high of 66 °F and a low of 47 °F—still dry and pleasant,
while the day after that eases down to a 60 °F high, perfect for a
cozy outdoor stroll. The best weather of the stretch is today, so it’s
the ideal time to soak up some rays, hit the park, or enjoy a backyard
barbecue. Dress in layers: a short‑sleeve for midday sun, a light
jacket for the cool mornings and evenings, and comfy shoes for any
activity. Pack a reusable water bottle, maybe a splash of lemon‑mint
iced tea, and you’ll stay refreshed all day. If you’re planning a hike
or a bike ride, the clear visibility and mild temps make it a great
outing. And for those who love a sunset, the clear skies will give you
a brilliant display this evening. Have a nice day!
Success: Open-Meteo forecasts read from file!
Success: Sunny McSkies forecast generated via Hugging Face!
Success: Sunny McSkies forecast sent via ntfy!

============================================================
SUNNY MCSKIES FORECAST – Dec 06, 2025
============================================================
Good morning, Round Rock! Today’s sunshine is turning up the dial with
a high of 72 °F and a crisp low of 42 °F, so you’ll feel a pleasant
warm‑up by mid‑day followed by a cool evening. The sky stays mostly
clear all day, and there’s zero chance of rain—perfect for getting
outside. Winds are gentle, hovering around 5‑8 mph with only modest
gusts, so no need to worry about a blustery surprise. Looking ahead,
tomorrow will be a bit milder at 66 °F max, and the day after that
will dip to a comfy 60 °F, giving us a gentle cooling trend over the
next couple of days. The best day to soak up the sun is today, when
those clear skies and mild breezes make any outdoor activity a
delight. I’d suggest a light jacket for the morning, sunglasses for
the afternoon, and maybe a refreshing iced tea or lemonade to stay
hydrated. Grab a walk, a bike ride, or simply enjoy the
backyard—there’s no better time to relish this beautiful early‑winter
weather. Have a nice day!
Error reading forecast data: unsupported operand type(s) for +: 'PosixPath' and 'str'
Error reading forecast data: unsupported operand type(s) for +: 'PosixPath' and 'str'
Error reading forecast data: unsupported operand type(s) for +: 'PosixPath' and 'str'
Error reading forecast data: unsupported operand type(s) for +: 'PosixPath' and 'str'
Success: Open-Meteo forecasts read from file!
Success: Sunny McSkies forecast generated via Hugging Face!
Success: Sunny McSkies forecast sent via ntfy!

============================================================
SUNNY MCSKIES FORECAST – Dec 06, 2025
============================================================
Good morning,
Success: Open-Meteo forecasts read from file!
Success: Sunny McSkies forecast generated via Hugging Face!
Success: Sunny McSkies forecast sent via ntfy!

============================================================
SUNNY MCSKIES FORECAST – Dec 06, 2025
============================================================
Good morning, Round Rock! I’m Sunny McSkies with a bright‑cheerful
outlook for today. We’ll warm up to a pleasant 72 °F high and dip down
to a crisp 42 °F low, so expect a sunny, breezy feel with almost no
clouds and zero chance of rain. The wind will stay gentle, topping out
around 12 mph, perfect for a stroll or a quick bike ride. Looking
ahead, tomorrow stays mild at 66 °F high and 47 °F low, and the day
after that cools to a comfortable 60 °F, giving you a nice stretch of
dry, comfortable weather. Grab a light jacket for the early morning
chill, slip on your sunglasses for the sunshine, and don’t forget a
water bottle—or a warm latte for the cooler evening. Enjoy the
sunshine, soak up the fresh air, and have a nice day!
Success: Open-Meteo forecasts read from file!
Success: Sunny McSkies forecast generated via Hugging Face!
Success: Sunny McSkies forecast sent via ntfy!

============================================================
SUNNY MCSKIES FORECAST – Dec 06, 2025
============================================================
Good morning, Round Rock! Today we’re looking at a sunny high of about
71 °F with a crisp low near 43 °F, so expect a pleasant swing from
warm to cool. There’s absolutely no rain on the horizon, so you can
leave the umbrellas at home. The sky stays mostly clear all day, with
a gentle breeze that tops out around 7 mph and occasional gusts up to
16 mph in the late afternoon. By mid‑afternoon you’ll feel the
sunshine at its strongest, then it eases off into a comfortable
evening. Tomorrow continues the sunshine streak with a high in the
mid‑60s and a low in the upper‑40s—still dry and perfect for a
backyard barbecue or a hike. The next two days stay dry but gradually
cool, dropping to a high of about 60 °F on the third day, so think
layers if you’re
